
> ERP@0.0.1 build
> nest build


[48;2;210;0;75m[1m[38;2;0;0;0m Error [39m[22m[49m EBUSY: resource busy or locked, rmdir 'C:\Users\Metthew\Desktop\work\ERP\dist\api\dashboard'

